Built 14 bench binaries (no execution).
Built 12 example binaries (no execution).
tooling-build: benchmark and example binaries built (no execution).
Compiling with strict warnings (-Werror)...
cc -std=c11 -Wall -Wextra -Wpedantic -Wshadow -Wconversion -O2 -isysroot /Library/Developer/CommandLineTools/SDKs/MacOSX.sdk -Wstrict-prototypes -Wformat=2 -Werror \
		-Ibuild/include -Iinclude -fsyntax-only src/sparse_types.c src/sparse_matrix.c src/sparse_lu.c src/sparse_vector.c src/sparse_reorder.c src/sparse_cholesky.c src/sparse_csr.c src/sparse_iterative.c src/sparse_ilu.c src/sparse_qr.c src/sparse_dense.c src/sparse_bidiag.c src/sparse_svd.c src/sparse_lu_csr.c src/sparse_ldlt.c src/sparse_ic.c src/sparse_etree.c src/sparse_analysis.c src/sparse_colamd.c src/sparse_chol_csc.c src/sparse_ldlt_csc.c src/sparse_eigs.c src/sparse_graph.c src/sparse_reorder_nd.c src/sparse_reorder_amd_qg.c

Running clang-tidy...
clang-tidy src/sparse_types.c src/sparse_matrix.c src/sparse_lu.c src/sparse_vector.c src/sparse_reorder.c src/sparse_cholesky.c src/sparse_csr.c src/sparse_iterative.c src/sparse_ilu.c src/sparse_qr.c src/sparse_dense.c src/sparse_bidiag.c src/sparse_svd.c src/sparse_lu_csr.c src/sparse_ldlt.c src/sparse_ic.c src/sparse_etree.c src/sparse_analysis.c src/sparse_colamd.c src/sparse_chol_csc.c src/sparse_ldlt_csc.c src/sparse_eigs.c src/sparse_graph.c src/sparse_reorder_nd.c src/sparse_reorder_amd_qg.c -- -Ibuild/include -Iinclude -std=c11 -Wall -Wextra -Wpedantic -Wshadow -Wconversion -O2 -isysroot /Library/Developer/CommandLineTools/SDKs/MacOSX.sdk
[1/25] Processing file /Users/jeff/experiments/linalg_sparse_orthogonal/src/sparse_types.c.
32 warnings generated.
[2/25] Processing file /Users/jeff/experiments/linalg_sparse_orthogonal/src/sparse_matrix.c.
366 warnings generated.
[3/25] Processing file /Users/jeff/experiments/linalg_sparse_orthogonal/src/sparse_lu.c.
686 warnings generated.
[4/25] Processing file /Users/jeff/experiments/linalg_sparse_orthogonal/src/sparse_vector.c.
989 warnings generated.
[5/25] Processing file /Users/jeff/experiments/linalg_sparse_orthogonal/src/sparse_reorder.c.
1322 warnings generated.
[6/25] Processing file /Users/jeff/experiments/linalg_sparse_orthogonal/src/sparse_cholesky.c.
1642 warnings generated.
[7/25] Processing file /Users/jeff/experiments/linalg_sparse_orthogonal/src/sparse_csr.c.
1975 warnings generated.
[8/25] Processing file /Users/jeff/experiments/linalg_sparse_orthogonal/src/sparse_iterative.c.
2295 warnings generated.
[9/25] Processing file /Users/jeff/experiments/linalg_sparse_orthogonal/src/sparse_ilu.c.
2628 warnings generated.
[10/25] Processing file /Users/jeff/experiments/linalg_sparse_orthogonal/src/sparse_qr.c.
2948 warnings generated.
[11/25] Processing file /Users/jeff/experiments/linalg_sparse_orthogonal/src/sparse_dense.c.
3281 warnings generated.
[12/25] Processing file /Users/jeff/experiments/linalg_sparse_orthogonal/src/sparse_bidiag.c.
3614 warnings generated.
[13/25] Processing file /Users/jeff/experiments/linalg_sparse_orthogonal/src/sparse_svd.c.
3947 warnings generated.
[14/25] Processing file /Users/jeff/experiments/linalg_sparse_orthogonal/src/sparse_lu_csr.c.
4280 warnings generated.
[15/25] Processing file /Users/jeff/experiments/linalg_sparse_orthogonal/src/sparse_ldlt.c.
4600 warnings generated.
[16/25] Processing file /Users/jeff/experiments/linalg_sparse_orthogonal/src/sparse_ic.c.
4933 warnings generated.
[17/25] Processing file /Users/jeff/experiments/linalg_sparse_orthogonal/src/sparse_etree.c.
5266 warnings generated.
[18/25] Processing file /Users/jeff/experiments/linalg_sparse_orthogonal/src/sparse_analysis.c.
5599 warnings generated.
[19/25] Processing file /Users/jeff/experiments/linalg_sparse_orthogonal/src/sparse_colamd.c.
5932 warnings generated.
[20/25] Processing file /Users/jeff/experiments/linalg_sparse_orthogonal/src/sparse_chol_csc.c.
6265 warnings generated.
[21/25] Processing file /Users/jeff/experiments/linalg_sparse_orthogonal/src/sparse_ldlt_csc.c.
6598 warnings generated.
[22/25] Processing file /Users/jeff/experiments/linalg_sparse_orthogonal/src/sparse_eigs.c.
6908 warnings generated.
[23/25] Processing file /Users/jeff/experiments/linalg_sparse_orthogonal/src/sparse_graph.c.
7241 warnings generated.
[24/25] Processing file /Users/jeff/experiments/linalg_sparse_orthogonal/src/sparse_reorder_nd.c.
7548 warnings generated.
[25/25] Processing file /Users/jeff/experiments/linalg_sparse_orthogonal/src/sparse_reorder_amd_qg.c.
7868 warnings generated.
Suppressed 7986 warnings (7868 in non-user code, 118 NOLINT).
Use -header-filter=.* or leave it as default to display errors from all non-system headers. Use -system-headers to display errors from system headers as well.

Running cppcheck...
cppcheck --enable=warning,style,performance,portability --error-exitcode=1 \
		--suppress=missingIncludeSystem --suppress=constVariablePointer \
		--suppress=constVariable --suppress=variableScope \
		--suppress=nullPointerOutOfMemory --suppress=uninitvar \
		--suppress=constParameterPointer --suppress=unreadVariable \
		-I include src tests
Checking src/sparse_analysis.c ...
Checking src/sparse_analysis.c: SPARSE_MUTEX=SPARSE_MUTEX...
1/79 files checked 0% done
Checking src/sparse_bidiag.c ...
Checking src/sparse_bidiag.c: SPARSE_MUTEX=SPARSE_MUTEX...
2/79 files checked 1% done
Checking src/sparse_chol_csc.c ...
Checking src/sparse_chol_csc.c: SPARSE_MUTEX=SPARSE_MUTEX...
3/79 files checked 3% done
Checking src/sparse_cholesky.c ...
Checking src/sparse_cholesky.c: SPARSE_MUTEX=SPARSE_MUTEX...
Checking src/sparse_cholesky.c: _POSIX_C_SOURCE;_POSIX_C_SOURCE=199308;_WIN32...
Checking src/sparse_cholesky.c: _WIN32=_WIN32...
4/79 files checked 4% done
Checking src/sparse_colamd.c ...
Checking src/sparse_colamd.c: SPARSE_MUTEX=SPARSE_MUTEX...
5/79 files checked 4% done
Checking src/sparse_csr.c ...
Checking src/sparse_csr.c: SPARSE_MUTEX=SPARSE_MUTEX...
6/79 files checked 4% done
Checking src/sparse_dense.c ...
Checking src/sparse_dense.c: SPARSE_MUTEX=SPARSE_MUTEX...
7/79 files checked 5% done
Checking src/sparse_eigs.c ...
Checking src/sparse_eigs.c: SPARSE_OPENMP=SPARSE_OPENMP...
Checking src/sparse_eigs.c: _POSIX_C_SOURCE;_POSIX_C_SOURCE=199308;_WIN32...
Checking src/sparse_eigs.c: _WIN32=_WIN32...
8/79 files checked 9% done
Checking src/sparse_etree.c ...
Checking src/sparse_etree.c: SPARSE_MUTEX=SPARSE_MUTEX...
9/79 files checked 10% done
Checking src/sparse_graph.c ...
Checking src/sparse_graph.c: SPARSE_MUTEX=SPARSE_MUTEX...
10/79 files checked 15% done
Checking src/sparse_ic.c ...
Checking src/sparse_ic.c: SPARSE_MUTEX=SPARSE_MUTEX...
11/79 files checked 15% done
Checking src/sparse_ilu.c ...
Checking src/sparse_ilu.c: SPARSE_MUTEX=SPARSE_MUTEX...
12/79 files checked 16% done
Checking src/sparse_iterative.c ...
Checking src/sparse_iterative.c: SPARSE_MUTEX=SPARSE_MUTEX...
Checking src/sparse_iterative.c: _POSIX_C_SOURCE;_POSIX_C_SOURCE=199308;_WIN32...
Checking src/sparse_iterative.c: _WIN32=_WIN32...
13/79 files checked 18% done
Checking src/sparse_ldlt.c ...
Checking src/sparse_ldlt.c: SPARSE_MUTEX=SPARSE_MUTEX...
Checking src/sparse_ldlt.c: _POSIX_C_SOURCE;_POSIX_C_SOURCE=199308;_WIN32...
Checking src/sparse_ldlt.c: _WIN32=_WIN32...
14/79 files checked 20% done
Checking src/sparse_ldlt_csc.c ...
Checking src/sparse_ldlt_csc.c: LDLT_CSC_USE_NATIVE...
Checking src/sparse_ldlt_csc.c: SPARSE_MUTEX=SPARSE_MUTEX...
15/79 files checked 23% done
Checking src/sparse_lu.c ...
Checking src/sparse_lu.c: SPARSE_MUTEX=SPARSE_MUTEX...
Checking src/sparse_lu.c: _POSIX_C_SOURCE;_POSIX_C_SOURCE=199308;_WIN32...
Checking src/sparse_lu.c: _WIN32=_WIN32...
16/79 files checked 24% done
Checking src/sparse_lu_csr.c ...
Checking src/sparse_lu_csr.c: SPARSE_MUTEX=SPARSE_MUTEX...
17/79 files checked 26% done
Checking src/sparse_matrix.c ...
Checking src/sparse_matrix.c: SPARSE_MUTEX=SPARSE_MUTEX...
Checking src/sparse_matrix.c: SPARSE_OPENMP=SPARSE_OPENMP...
18/79 files checked 27% done
Checking src/sparse_qr.c ...
Checking src/sparse_qr.c: SPARSE_MUTEX=SPARSE_MUTEX...
Checking src/sparse_qr.c: _POSIX_C_SOURCE;_POSIX_C_SOURCE=199308;_WIN32...
Checking src/sparse_qr.c: _WIN32=_WIN32...
19/79 files checked 29% done
Checking src/sparse_reorder.c ...
Checking src/sparse_reorder.c: SPARSE_MUTEX=SPARSE_MUTEX...
20/79 files checked 29% done
Checking src/sparse_reorder_amd_qg.c ...
Checking src/sparse_reorder_amd_qg.c: SPARSE_MUTEX=SPARSE_MUTEX...
Checking src/sparse_reorder_amd_qg.c: _POSIX_C_SOURCE;_POSIX_C_SOURCE=199308;_WIN32...
Checking src/sparse_reorder_amd_qg.c: _WIN32=_WIN32...
21/79 files checked 30% done
Checking src/sparse_reorder_nd.c ...
Checking src/sparse_reorder_nd.c: _POSIX_C_SOURCE;_POSIX_C_SOURCE=199308;_WIN32...
Checking src/sparse_reorder_nd.c: _WIN32=_WIN32...
22/79 files checked 31% done
Checking src/sparse_svd.c ...
Checking src/sparse_svd.c: SPARSE_MUTEX=SPARSE_MUTEX...
23/79 files checked 33% done
Checking src/sparse_types.c ...
24/79 files checked 33% done
Checking src/sparse_vector.c ...
25/79 files checked 33% done
Checking tests/smoke_test.c ...
26/79 files checked 33% done
Checking tests/test_bicgstab.c ...
Checking tests/test_bicgstab.c: _WIN32=_WIN32...
27/79 files checked 35% done
Checking tests/test_bidiag.c ...
Checking tests/test_bidiag.c: _WIN32=_WIN32...
28/79 files checked 35% done
Checking tests/test_block_solvers.c ...
Checking tests/test_block_solvers.c: _WIN32=_WIN32...
29/79 files checked 36% done
Checking tests/test_chol_csc.c ...
Checking tests/test_chol_csc.c: _POSIX_C_SOURCE;_POSIX_C_SOURCE=200808;_WIN32...
Checking tests/test_chol_csc.c: _WIN32=_WIN32...
30/79 files checked 41% done
Checking tests/test_cholesky.c ...
Checking tests/test_cholesky.c: _WIN32=_WIN32...
31/79 files checked 41% done
Checking tests/test_colamd.c ...
Checking tests/test_colamd.c: _WIN32=_WIN32...
32/79 files checked 43% done
Checking tests/test_csr.c ...
Checking tests/test_csr.c: _WIN32=_WIN32...
33/79 files checked 44% done
Checking tests/test_dense.c ...
Checking tests/test_dense.c: _WIN32=_WIN32...
34/79 files checked 44% done
Checking tests/test_edge_cases.c ...
Checking tests/test_edge_cases.c: _WIN32=_WIN32...
35/79 files checked 46% done
Checking tests/test_eigs.c ...
Checking tests/test_eigs.c: _WIN32=_WIN32...
36/79 files checked 47% done
Checking tests/test_eigs_lobpcg.c ...
Checking tests/test_eigs_lobpcg.c: _WIN32=_WIN32...
37/79 files checked 49% done
Checking tests/test_eigs_thick_restart.c ...
Checking tests/test_eigs_thick_restart.c: _WIN32=_WIN32...
38/79 files checked 50% done
Checking tests/test_etree.c ...
Checking tests/test_etree.c: _WIN32=_WIN32...
39/79 files checked 53% done
Checking tests/test_framework_optin.c ...
Checking tests/test_framework_optin.c: _POSIX_C_SOURCE;_POSIX_C_SOURCE=200808;_WIN32...
Checking tests/test_framework_optin.c: _WIN32=_WIN32...
40/79 files checked 53% done
Checking tests/test_fuzz.c ...
Checking tests/test_fuzz.c: _WIN32=_WIN32...
41/79 files checked 54% done
Checking tests/test_graph.c ...
Checking tests/test_graph.c: _POSIX_C_SOURCE;_POSIX_C_SOURCE=200808;_WIN32...
Checking tests/test_graph.c: _WIN32=_WIN32...
42/79 files checked 57% done
Checking tests/test_graph_fm_buckets.c ...
Checking tests/test_graph_fm_buckets.c: _WIN32=_WIN32...
43/79 files checked 57% done
Checking tests/test_ic.c ...
Checking tests/test_ic.c: _WIN32=_WIN32...
44/79 files checked 58% done
Checking tests/test_ilu.c ...
Checking tests/test_ilu.c: _WIN32=_WIN32...
45/79 files checked 60% done
Checking tests/test_integration.c ...
Checking tests/test_integration.c: _WIN32=_WIN32...
46/79 files checked 61% done
Checking tests/test_iterative.c ...
Checking tests/test_iterative.c: _WIN32=_WIN32...
47/79 files checked 64% done
Checking tests/test_known_matrices.c ...
Checking tests/test_known_matrices.c: _WIN32=_WIN32...
48/79 files checked 64% done
Checking tests/test_ldlt.c ...
Checking tests/test_ldlt.c: _WIN32=_WIN32...
49/79 files checked 67% done
Checking tests/test_ldlt_csc.c ...
Checking tests/test_ldlt_csc.c: _WIN32=_WIN32...
50/79 files checked 71% done
Checking tests/test_lu_csr.c ...
Checking tests/test_lu_csr.c: _WIN32=_WIN32...
51/79 files checked 73% done
Checking tests/test_matmul.c ...
Checking tests/test_matmul.c: _WIN32=_WIN32...
52/79 files checked 74% done
Checking tests/test_minres.c ...
Checking tests/test_minres.c: _WIN32=_WIN32...
53/79 files checked 76% done
Checking tests/test_omp.c ...
Checking tests/test_omp.c: SPARSE_OPENMP=SPARSE_OPENMP...
Checking tests/test_omp.c: _WIN32=_WIN32...
54/79 files checked 76% done
Checking tests/test_qr.c ...
Checking tests/test_qr.c: _WIN32=_WIN32...
55/79 files checked 79% done
Checking tests/test_reorder.c ...
Checking tests/test_reorder.c: _WIN32=_WIN32...
56/79 files checked 80% done
Checking tests/test_reorder_amd_qg.c ...
Checking tests/test_reorder_amd_qg.c: _WIN32=_WIN32...
57/79 files checked 80% done
Checking tests/test_reorder_nd.c ...
Checking tests/test_reorder_nd.c: _POSIX_C_SOURCE;_POSIX_C_SOURCE=200808;_WIN32...
Checking tests/test_reorder_nd.c: _WIN32=_WIN32...
58/79 files checked 82% done
Checking tests/test_sparse_arith.c ...
Checking tests/test_sparse_arith.c: _WIN32=_WIN32...
59/79 files checked 83% done
Checking tests/test_sparse_io.c ...
Checking tests/test_sparse_io.c: _WIN32=_WIN32...
60/79 files checked 83% done
Checking tests/test_sparse_lu.c ...
Checking tests/test_sparse_lu.c: _WIN32=_WIN32...
61/79 files checked 84% done
Checking tests/test_sparse_matrix.c ...
Checking tests/test_sparse_matrix.c: _WIN32=_WIN32...
62/79 files checked 85% done
Checking tests/test_sparse_vector.c ...
Checking tests/test_sparse_vector.c: _WIN32=_WIN32...
63/79 files checked 86% done
Checking tests/test_sprint10_integration.c ...
Checking tests/test_sprint10_integration.c: _POSIX_C_SOURCE;_POSIX_C_SOURCE=199308;_WIN32...
Checking tests/test_sprint10_integration.c: _WIN32=_WIN32...
64/79 files checked 86% done
Checking tests/test_sprint11_integration.c ...
Checking tests/test_sprint11_integration.c: _WIN32=_WIN32...
65/79 files checked 87% done
Checking tests/test_sprint12_integration.c ...
Checking tests/test_sprint12_integration.c: _WIN32=_WIN32...
66/79 files checked 87% done
Checking tests/test_sprint13_integration.c ...
Checking tests/test_sprint13_integration.c: _WIN32=_WIN32...
67/79 files checked 88% done
Checking tests/test_sprint18_integration.c ...
Checking tests/test_sprint18_integration.c: _WIN32=_WIN32...
68/79 files checked 89% done
Checking tests/test_sprint19_integration.c ...
Checking tests/test_sprint19_integration.c: _WIN32=_WIN32...
69/79 files checked 90% done
Checking tests/test_sprint20_integration.c ...
Checking tests/test_sprint20_integration.c: _WIN32=_WIN32...
70/79 files checked 91% done
Checking tests/test_sprint29_integration.c ...
Checking tests/test_sprint29_integration.c: _WIN32=_WIN32...
71/79 files checked 91% done
Checking tests/test_sprint4_integration.c ...
Checking tests/test_sprint4_integration.c: _WIN32=_WIN32...
72/79 files checked 92% done
Checking tests/test_sprint5_integration.c ...
Checking tests/test_sprint5_integration.c: _WIN32=_WIN32...
73/79 files checked 92% done
Checking tests/test_sprint6_integration.c ...
Checking tests/test_sprint6_integration.c: _WIN32=_WIN32...
74/79 files checked 93% done
Checking tests/test_sprint8_integration.c ...
Checking tests/test_sprint8_integration.c: _WIN32=_WIN32...
75/79 files checked 93% done
Checking tests/test_stagnation.c ...
Checking tests/test_stagnation.c: _WIN32=_WIN32...
76/79 files checked 95% done
Checking tests/test_suitesparse.c ...
Checking tests/test_suitesparse.c: _WIN32=_WIN32...
77/79 files checked 95% done
Checking tests/test_svd.c ...
Checking tests/test_svd.c: _POSIX_C_SOURCE;_POSIX_C_SOURCE=200808;_WIN32...
Checking tests/test_svd.c: _WIN32=_WIN32...
78/79 files checked 99% done
Checking tests/test_threads.c ...
Checking tests/test_threads.c: SPARSE_MUTEX=SPARSE_MUTEX...
Checking tests/test_threads.c: _WIN32=_WIN32...
79/79 files checked 100% done
real 239.91
user 234.40
sys 2.79
